This is pdfTeX, Version 3.141592653-2.6-1.40.22 (TeX Live 2022/dev/Debian) (preloaded format=pdflatex 2026.7.24)  21 AUG 2026 21:48
entering extended mode
 restricted \write18 enabled.
 file:line:error style messages enabled.
 %&-line parsing enabled.
**/home/abirizky/code/thesis_draft/thesis/main.tex
(/home/abirizky/code/thesis_draft/thesis/main.tex
LaTeX2e <2021-11-15> patch level 1
L3 programming layer <2022-01-21> (/usr/share/texlive/texmf-dist/tex/latex/base/report.cls
Document Class: report 2021/10/04 v1.4n Standard LaTeX document class
(/usr/share/texlive/texmf-dist/tex/latex/base/size12.clo
File: size12.clo 2021/10/04 v1.4n Standard LaTeX file (size option)
)
\c@part=\count185
\c@chapter=\count186
\c@section=\count187
\c@subsection=\count188
\c@subsubsection=\count189
\c@paragraph=\count190
\c@subparagraph=\count191
\c@figure=\count192
\c@table=\count193
\abovecaptionskip=\skip47
\belowcaptionskip=\skip48
\bibindent=\dimen138
) (/usr/share/texlive/texmf-dist/tex/latex/parskip/parskip.sty
Package: parskip 2021-03-14 v2.0h non-zero parskip adjustments
 (/usr/share/texlive/texmf-dist/tex/latex/kvoptions/kvoptions.sty
Package: kvoptions 2020-10-07 v3.14 Key value format for package options (HO)
 (/usr/share/texlive/texmf-dist/tex/latex/graphics/keyval.sty
Package: keyval 2014/10/28 v1.15 key=value parser (DPC)
\KV@toks@=\toks16
) (/usr/share/texlive/texmf-dist/tex/generic/ltxcmds/ltxcmds.sty
Package: ltxcmds 2020-05-10 v1.25 LaTeX kernel commands for general use (HO)
) (/usr/share/texlive/texmf-dist/tex/generic/kvsetkeys/kvsetkeys.sty
Package: kvsetkeys 2019/12/15 v1.18 Key value parser (HO)
)) (/usr/share/texlive/texmf-dist/tex/latex/etoolbox/etoolbox.sty
Package: etoolbox 2020/10/05 v2.5k e-TeX tools for LaTeX (JAW)
\etb@tempcnta=\count194
)) (/usr/share/texlive/texmf-dist/tex/latex/caption/subcaption.sty
Package: subcaption 2020/10/07 v1.3j Sub-captions (AR)
 (/usr/share/texlive/texmf-dist/tex/latex/caption/caption.sty
Package: caption 2020/10/26 v3.5g Customizing captions (AR)
 (/usr/share/texlive/texmf-dist/tex/latex/caption/caption3.sty
Package: caption3 2020/10/21 v2.2e caption3 kernel (AR)
\captionmargin=\dimen139
\captionmargin@=\dimen140
\captionwidth=\dimen141
\caption@tempdima=\dimen142
\caption@indent=\dimen143
\caption@parindent=\dimen144
\caption@hangindent=\dimen145
Package caption Info: Standard document class detected.
)
\c@caption@flags=\count195
\c@continuedfloat=\count196
)
\c@subfigure=\count197
\c@subtable=\count198
) (/usr/share/texlive/texmf-dist/tex/latex/xcolor/xcolor.sty
Package: xcolor 2021/10/31 v2.13 LaTeX color extensions (UK)
 (/usr/share/texlive/texmf-dist/tex/latex/graphics-cfg/color.cfg
File: color.cfg 2016/01/02 v1.6 sample color configuration
)
Package xcolor Info: Driver file: pdftex.def on input line 227.
 (/usr/share/texlive/texmf-dist/tex/latex/graphics-def/pdftex.def
File: pdftex.def 2020/10/05 v1.2a Graphics/color driver for pdftex
)
Package xcolor Info: Model `cmy' substituted by `cmy0' on input line 1352.
Package xcolor Info: Model `hsb' substituted by `rgb' on input line 1356.
Package xcolor Info: Model `RGB' extended on input line 1368.
Package xcolor Info: Model `HTML' substituted by `rgb' on input line 1370.
Package xcolor Info: Model `Hsb' substituted by `hsb' on input line 1371.
Package xcolor Info: Model `tHsb' substituted by `hsb' on input line 1372.
Package xcolor Info: Model `HSB' substituted by `hsb' on input line 1373.
Package xcolor Info: Model `Gray' substituted by `gray' on input line 1374.
Package xcolor Info: Model `wave' substituted by `hsb' on input line 1375.
) (/usr/share/texlive/texmf-dist/tex/latex/geometry/geometry.sty
Package: geometry 2020/01/02 v5.9 Page Geometry
 (/usr/share/texlive/texmf-dist/tex/generic/iftex/ifvtex.sty
Package: ifvtex 2019/10/25 v1.7 ifvtex legacy package. Use iftex instead.
 (/usr/share/texlive/texmf-dist/tex/generic/iftex/iftex.sty
Package: iftex 2020/03/06 v1.0d TeX engine tests
))
\Gm@cnth=\count199
\Gm@cntv=\count266
\c@Gm@tempcnt=\count267
\Gm@bindingoffset=\dimen146
\Gm@wd@mp=\dimen147
\Gm@odd@mp=\dimen148
\Gm@even@mp=\dimen149
\Gm@layoutwidth=\dimen150
\Gm@layoutheight=\dimen151
\Gm@layouthoffset=\dimen152
\Gm@layoutvoffset=\dimen153
\Gm@dimlist=\toks17
) (/usr/share/texlive/texmf-dist/tex/latex/setspace/setspace.sty
Package: setspace 2011/12/19 v6.7a set line spacing
) (/usr/share/texlive/texmf-dist/tex/latex/psnfss/helvet.sty
Package: helvet 2020/03/25 PSNFSS-v9.3 (WaS) 
) (/usr/share/texlive/texmf-dist/tex/latex/amsmath/amsmath.sty
Package: amsmath 2021/10/15 v2.17l AMS math features
\@mathmargin=\skip49

For additional information on amsmath, use the `?' option.
(/usr/share/texlive/texmf-dist/tex/latex/amsmath/amstext.sty
Package: amstext 2021/08/26 v2.01 AMS text
 (/usr/share/texlive/texmf-dist/tex/latex/amsmath/amsgen.sty
File: amsgen.sty 1999/11/30 v2.0 generic functions
\@emptytoks=\toks18
\ex@=\dimen154
)) (/usr/share/texlive/texmf-dist/tex/latex/amsmath/amsbsy.sty
Package: amsbsy 1999/11/29 v1.2d Bold Symbols
\pmbraise@=\dimen155
) (/usr/share/texlive/texmf-dist/tex/latex/amsmath/amsopn.sty
Package: amsopn 2021/08/26 v2.02 operator names
)
\inf@bad=\count268
LaTeX Info: Redefining \frac on input line 234.
\uproot@=\count269
\leftroot@=\count270
LaTeX Info: Redefining \overline on input line 399.
\classnum@=\count271
\DOTSCASE@=\count272
LaTeX Info: Redefining \ldots on input line 496.
LaTeX Info: Redefining \dots on input line 499.
LaTeX Info: Redefining \cdots on input line 620.
\Mathstrutbox@=\box50
\strutbox@=\box51
\big@size=\dimen156
LaTeX Font Info:    Redeclaring font encoding OML on input line 743.
LaTeX Font Info:    Redeclaring font encoding OMS on input line 744.
\macc@depth=\count273
\c@MaxMatrixCols=\count274
\dotsspace@=\muskip16
\c@parentequation=\count275
\dspbrk@lvl=\count276
\tag@help=\toks19
\row@=\count277
\column@=\count278
\maxfields@=\count279
\andhelp@=\toks20
\eqnshift@=\dimen157
\alignsep@=\dimen158
\tagshift@=\dimen159
\tagwidth@=\dimen160
\totwidth@=\dimen161
\lineht@=\dimen162
\@envbody=\toks21
\multlinegap=\skip50
\multlinetaggap=\skip51
\mathdisplay@stack=\toks22
LaTeX Info: Redefining \[ on input line 2938.
LaTeX Info: Redefining \] on input line 2939.
) (/usr/share/texlive/texmf-dist/tex/latex/amsfonts/amssymb.sty
Package: amssymb 2013/01/14 v3.01 AMS font symbols
 (/usr/share/texlive/texmf-dist/tex/latex/amsfonts/amsfonts.sty
Package: amsfonts 2013/01/14 v3.01 Basic AMSFonts support
\symAMSa=\mathgroup4
\symAMSb=\mathgroup5
LaTeX Font Info:    Redeclaring math symbol \hbar on input line 98.
LaTeX Font Info:    Overwriting math alphabet `\mathfrak' in version `bold'
(Font)                  U/euf/m/n --> U/euf/b/n on input line 106.
)) (/usr/share/texlive/texmf-dist/tex/latex/tools/bm.sty
Package: bm 2021/04/25 v1.2e Bold Symbol Support (DPC/FMi)
\symboldoperators=\mathgroup6
\symboldletters=\mathgroup7
\symboldsymbols=\mathgroup8
Package bm Info: No bold for \OMX/cmex/m/n, using \pmb.
Package bm Info: No bold for \U/msa/m/n, using \pmb.
Package bm Info: No bold for \U/msb/m/n, using \pmb.
LaTeX Font Info:    Redeclaring math alphabet \mathbf on input line 149.
) (/usr/share/texlive/texmf-dist/tex/latex/graphics/graphicx.sty
Package: graphicx 2021/09/16 v1.2d Enhanced LaTeX Graphics (DPC,SPQR)
 (/usr/share/texlive/texmf-dist/tex/latex/graphics/graphics.sty
Package: graphics 2021/03/04 v1.4d Standard LaTeX Graphics (DPC,SPQR)
 (/usr/share/texlive/texmf-dist/tex/latex/graphics/trig.sty
Package: trig 2021/08/11 v1.11 sin cos tan (DPC)
) (/usr/share/texlive/texmf-dist/tex/latex/graphics-cfg/graphics.cfg
File: graphics.cfg 2016/06/04 v1.11 sample graphics configuration
)
Package graphics Info: Driver file: pdftex.def on input line 107.
)
\Gin@req@height=\dimen163
\Gin@req@width=\dimen164
) (/usr/share/texlive/texmf-dist/tex/latex/hyperref/hyperref.sty
Package: hyperref 2021-06-07 v7.00m Hypertext links for LaTeX
 (/usr/share/texlive/texmf-dist/tex/generic/pdftexcmds/pdftexcmds.sty
Package: pdftexcmds 2020-06-27 v0.33 Utility functions of pdfTeX for LuaTeX (HO)
 (/usr/share/texlive/texmf-dist/tex/generic/infwarerr/infwarerr.sty
Package: infwarerr 2019/12/03 v1.5 Providing info/warning/error messages (HO)
)
Package pdftexcmds Info: \pdf@primitive is available.
Package pdftexcmds Info: \pdf@ifprimitive is available.
Package pdftexcmds Info: \pdfdraftmode found.
) (/usr/share/texlive/texmf-dist/tex/generic/kvdefinekeys/kvdefinekeys.sty
Package: kvdefinekeys 2019-12-19 v1.6 Define keys (HO)
) (/usr/share/texlive/texmf-dist/tex/generic/pdfescape/pdfescape.sty
Package: pdfescape 2019/12/09 v1.15 Implements pdfTeX's escape features (HO)
) (/usr/share/texlive/texmf-dist/tex/latex/hycolor/hycolor.sty
Package: hycolor 2020-01-27 v1.10 Color options for hyperref/bookmark (HO)
) (/usr/share/texlive/texmf-dist/tex/latex/letltxmacro/letltxmacro.sty
Package: letltxmacro 2019/12/03 v1.6 Let assignment for LaTeX macros (HO)
) (/usr/share/texlive/texmf-dist/tex/latex/auxhook/auxhook.sty
Package: auxhook 2019-12-17 v1.6 Hooks for auxiliary files (HO)
)
\@linkdim=\dimen165
\Hy@linkcounter=\count280
\Hy@pagecounter=\count281
 (/usr/share/texlive/texmf-dist/tex/latex/hyperref/pd1enc.def
File: pd1enc.def 2021-06-07 v7.00m Hyperref: PDFDocEncoding definition (HO)
Now handling font encoding PD1 ...
... no UTF-8 mapping file for font encoding PD1
) (/usr/share/texlive/texmf-dist/tex/latex/hyperref/hyperref-langpatches.def
File: hyperref-langpatches.def 2021-06-07 v7.00m Hyperref: patches for babel languages
) (/usr/share/texlive/texmf-dist/tex/generic/intcalc/intcalc.sty
Package: intcalc 2019/12/15 v1.3 Expandable calculations with integers (HO)
) (/usr/share/texlive/texmf-dist/tex/generic/etexcmds/etexcmds.sty
Package: etexcmds 2019/12/15 v1.7 Avoid name clashes with e-TeX commands (HO)
)
\Hy@SavedSpaceFactor=\count282
 (/usr/share/texlive/texmf-dist/tex/latex/hyperref/puenc.def
File: puenc.def 2021-06-07 v7.00m Hyperref: PDF Unicode definition (HO)
Now handling font encoding PU ...
... no UTF-8 mapping file for font encoding PU
)
Package hyperref Info: Hyper figures OFF on input line 4192.
Package hyperref Info: Link nesting OFF on input line 4197.
Package hyperref Info: Hyper index ON on input line 4200.
Package hyperref Info: Plain pages OFF on input line 4207.
Package hyperref Info: Backreferencing OFF on input line 4212.
Package hyperref Info: Implicit mode ON; LaTeX internals redefined.
Package hyperref Info: Bookmarks ON on input line 4445.
\c@Hy@tempcnt=\count283
 (/usr/share/texlive/texmf-dist/tex/latex/url/url.sty
\Urlmuskip=\muskip17
Package: url 2013/09/16  ver 3.4  Verb mode for urls, etc.
)
LaTeX Info: Redefining \url on input line 4804.
\XeTeXLinkMargin=\dimen166
 (/usr/share/texlive/texmf-dist/tex/generic/bitset/bitset.sty
Package: bitset 2019/12/09 v1.3 Handle bit-vector datatype (HO)
 (/usr/share/texlive/texmf-dist/tex/generic/bigintcalc/bigintcalc.sty
Package: bigintcalc 2019/12/15 v1.5 Expandable calculations on big integers (HO)
))
\Fld@menulength=\count284
\Field@Width=\dimen167
\Fld@charsize=\dimen168
Package hyperref Info: Hyper figures OFF on input line 6076.
Package hyperref Info: Link nesting OFF on input line 6081.
Package hyperref Info: Hyper index ON on input line 6084.
Package hyperref Info: backreferencing OFF on input line 6091.
Package hyperref Info: Link coloring OFF on input line 6096.
Package hyperref Info: Link coloring with OCG OFF on input line 6101.
Package hyperref Info: PDF/A mode OFF on input line 6106.
LaTeX Info: Redefining \ref on input line 6146.
LaTeX Info: Redefining \pageref on input line 6150.
 (/usr/share/texlive/texmf-dist/tex/latex/base/atbegshi-ltx.sty
Package: atbegshi-ltx 2021/01/10 v1.0c Emulation of the original atbegshi
package with kernel methods
)
\Hy@abspage=\count285
\c@Item=\count286
\c@Hfootnote=\count287
)
Package hyperref Info: Driver (autodetected): hpdftex.
 (/usr/share/texlive/texmf-dist/tex/latex/hyperref/hpdftex.def
File: hpdftex.def 2021-06-07 v7.00m Hyperref driver for pdfTeX
 (/usr/share/texlive/texmf-dist/tex/latex/base/atveryend-ltx.sty
Package: atveryend-ltx 2020/08/19 v1.0a Emulation of the original atveryend package
with kernel methods
)
\Fld@listcount=\count288
\c@bookmark@seq@number=\count289
 (/usr/share/texlive/texmf-dist/tex/latex/rerunfilecheck/rerunfilecheck.sty
Package: rerunfilecheck 2019/12/05 v1.9 Rerun checks for auxiliary files (HO)
 (/usr/share/texlive/texmf-dist/tex/generic/uniquecounter/uniquecounter.sty
Package: uniquecounter 2019/12/15 v1.4 Provide unlimited unique counter (HO)
)
Package uniquecounter Info: New unique counter `rerunfilecheck' on input line 286.
)
\Hy@SectionHShift=\skip52
) (/usr/share/texlive/texmf-dist/tex/latex/tools/longtable.sty
Package: longtable 2021-09-01 v4.17 Multi-page Table package (DPC)
\LTleft=\skip53
\LTright=\skip54
\LTpre=\skip55
\LTpost=\skip56
\LTchunksize=\count290
\LTcapwidth=\dimen169
\LT@head=\box52
\LT@firsthead=\box53
\LT@foot=\box54
\LT@lastfoot=\box55
\LT@gbox=\box56
\LT@cols=\count291
\LT@rows=\count292
\c@LT@tables=\count293
\c@LT@chunks=\count294
\LT@p@ftn=\toks23
) (/usr/share/texlive/texmf-dist/tex/latex/tools/array.sty
Package: array 2021/10/04 v2.5f Tabular extension package (FMi)
\col@sep=\dimen170
\ar@mcellbox=\box57
\extrarowheight=\dimen171
\NC@list=\toks24
\extratabsurround=\skip57
\backup@length=\skip58
\ar@cellbox=\box58
) (/usr/share/texlive/texmf-dist/tex/latex/float/float.sty
Package: float 2001/11/08 v1.3d Float enhancements (AL)
\c@float@type=\count295
\float@exts=\toks25
\float@box=\box59
\@float@everytoks=\toks26
\@floatcapt=\box60
) (/usr/share/texlive/texmf-dist/tex/latex/appendix/appendix.sty
Package: appendix 2020/02/08 v1.2c extra appendix facilities
\c@@pps=\count296
\c@@ppsavesec=\count297
\c@@ppsaveapp=\count298
) (/usr/share/texlive/texmf-dist/tex/latex/booktabs/booktabs.sty
Package: booktabs 2020/01/12 v1.61803398 Publication quality tables
\heavyrulewidth=\dimen172
\lightrulewidth=\dimen173
\cmidrulewidth=\dimen174
\belowrulesep=\dimen175
\belowbottomsep=\dimen176
\aboverulesep=\dimen177
\abovetopsep=\dimen178
\cmidrulesep=\dimen179
\cmidrulekern=\dimen180
\defaultaddspace=\dimen181
\@cmidla=\count299
\@cmidlb=\count300
\@aboverulesep=\dimen182
\@belowrulesep=\dimen183
\@thisruleclass=\count301
\@lastruleclass=\count302
\@thisrulewidth=\dimen184
) (/usr/share/texlive/texmf-dist/tex/latex/multirow/multirow.sty
Package: multirow 2021/03/15 v2.8 Span multiple rows of a table
\multirow@colwidth=\skip59
\multirow@cntb=\count303
\multirow@dima=\skip60
\bigstrutjot=\dimen185
) (/usr/share/texlive/texmf-dist/tex/generic/ulem/ulem.sty
\UL@box=\box61
\UL@hyphenbox=\box62
\UL@skip=\skip61
\UL@hook=\toks27
\UL@height=\dimen186
\UL@pe=\count304
\UL@pixel=\dimen187
\ULC@box=\box63
Package: ulem 2019/11/18
\ULdepth=\dimen188
) (/usr/share/texlive/texmf-dist/tex/latex/pgf/frontendlayer/tikz.sty (/usr/share/texlive/texmf-dist/tex/latex/pgf/basiclayer/pgf.sty (/usr/share/texlive/texmf-dist/tex/latex/pgf/utilities/pgfrcs.sty (/usr/share/texlive/texmf-dist/tex/generic/pgf/utilities/pgfutil-common.tex
\pgfutil@everybye=\toks28
\pgfutil@tempdima=\dimen189
\pgfutil@tempdimb=\dimen190
 (/usr/share/texlive/texmf-dist/tex/generic/pgf/utilities/pgfutil-common-lists.tex)) (/usr/share/texlive/texmf-dist/tex/generic/pgf/utilities/pgfutil-latex.def
\pgfutil@abb=\box64
) (/usr/share/texlive/texmf-dist/tex/generic/pgf/utilities/pgfrcs.code.tex (/usr/share/texlive/texmf-dist/tex/generic/pgf/pgf.revision.tex)
Package: pgfrcs 2021/05/15 v3.1.9a (3.1.9a)
))
Package: pgf 2021/05/15 v3.1.9a (3.1.9a)
 (/usr/share/texlive/texmf-dist/tex/latex/pgf/basiclayer/pgfcore.sty (/usr/share/texlive/texmf-dist/tex/latex/pgf/systemlayer/pgfsys.sty (/usr/share/texlive/texmf-dist/tex/generic/pgf/systemlayer/pgfsys.code.tex
Package: pgfsys 2021/05/15 v3.1.9a (3.1.9a)
 (/usr/share/texlive/texmf-dist/tex/generic/pgf/utilities/pgfkeys.code.tex
\pgfkeys@pathtoks=\toks29
\pgfkeys@temptoks=\toks30
 (/usr/share/texlive/texmf-dist/tex/generic/pgf/utilities/pgfkeysfiltered.code.tex
\pgfkeys@tmptoks=\toks31
))
\pgf@x=\dimen191
\pgf@y=\dimen192
\pgf@xa=\dimen193
\pgf@ya=\dimen194
\pgf@xb=\dimen195
\pgf@yb=\dimen196
\pgf@xc=\dimen197
\pgf@yc=\dimen198
\pgf@xd=\dimen199
\pgf@yd=\dimen256
\w@pgf@writea=\write3
\r@pgf@reada=\read2
\c@pgf@counta=\count305
\c@pgf@countb=\count306
\c@pgf@countc=\count307
\c@pgf@countd=\count308
\t@pgf@toka=\toks32
\t@pgf@tokb=\toks33
\t@pgf@tokc=\toks34
\pgf@sys@id@count=\count309
 (/usr/share/texlive/texmf-dist/tex/generic/pgf/systemlayer/pgf.cfg
File: pgf.cfg 2021/05/15 v3.1.9a (3.1.9a)
)
Driver file for pgf: pgfsys-pdftex.def
 (/usr/share/texlive/texmf-dist/tex/generic/pgf/systemlayer/pgfsys-pdftex.def
File: pgfsys-pdftex.def 2021/05/15 v3.1.9a (3.1.9a)
 (/usr/share/texlive/texmf-dist/tex/generic/pgf/systemlayer/pgfsys-common-pdf.def
File: pgfsys-common-pdf.def 2021/05/15 v3.1.9a (3.1.9a)
))) (/usr/share/texlive/texmf-dist/tex/generic/pgf/systemlayer/pgfsyssoftpath.code.tex
File: pgfsyssoftpath.code.tex 2021/05/15 v3.1.9a (3.1.9a)
\pgfsyssoftpath@smallbuffer@items=\count310
\pgfsyssoftpath@bigbuffer@items=\count311
) (/usr/share/texlive/texmf-dist/tex/generic/pgf/systemlayer/pgfsysprotocol.code.tex
File: pgfsysprotocol.code.tex 2021/05/15 v3.1.9a (3.1.9a)
)) (/usr/share/texlive/texmf-dist/tex/generic/pgf/basiclayer/pgfcore.code.tex
Package: pgfcore 2021/05/15 v3.1.9a (3.1.9a)
 (/usr/share/texlive/texmf-dist/tex/generic/pgf/math/pgfmath.code.tex (/usr/share/texlive/texmf-dist/tex/generic/pgf/math/pgfmathcalc.code.tex (/usr/share/texlive/texmf-dist/tex/generic/pgf/math/pgfmathutil.code.tex) (/usr/share/texlive/texmf-dist/tex/generic/pgf/math/pgfmathparser.code.tex
\pgfmath@dimen=\dimen257
\pgfmath@count=\count312
\pgfmath@box=\box65
\pgfmath@toks=\toks35
\pgfmath@stack@operand=\toks36
\pgfmath@stack@operation=\toks37
) (/usr/share/texlive/texmf-dist/tex/generic/pgf/math/pgfmathfunctions.code.tex (/usr/share/texlive/texmf-dist/tex/generic/pgf/math/pgfmathfunctions.basic.code.tex) (/usr/share/texlive/texmf-dist/tex/generic/pgf/math/pgfmathfunctions.trigonometric.code.tex) (/usr/share/texlive/texmf-dist/tex/generic/pgf/math/pgfmathfunctions.random.code.tex) (/usr/share/texlive/texmf-dist/tex/generic/pgf/math/pgfmathfunctions.comparison.code.tex) (/usr/share/texlive/texmf-dist/tex/generic/pgf/math/pgfmathfunctions.base.code.tex) (/usr/share/texlive/texmf-dist/tex/generic/pgf/math/pgfmathfunctions.round.code.tex) (/usr/share/texlive/texmf-dist/tex/generic/pgf/math/pgfmathfunctions.misc.code.tex) (/usr/share/texlive/texmf-dist/tex/generic/pgf/math/pgfmathfunctions.integerarithmetics.code.tex))) (/usr/share/texlive/texmf-dist/tex/generic/pgf/math/pgfmathfloat.code.tex
\c@pgfmathroundto@lastzeros=\count313
)) (/usr/share/texlive/texmf-dist/tex/generic/pgf/math/pgfint.code.tex) (/usr/share/texlive/texmf-dist/tex/generic/pgf/basiclayer/pgfcorepoints.code.tex
File: pgfcorepoints.code.tex 2021/05/15 v3.1.9a (3.1.9a)
\pgf@picminx=\dimen258
\pgf@picmaxx=\dimen259
\pgf@picminy=\dimen260
\pgf@picmaxy=\dimen261
\pgf@pathminx=\dimen262
\pgf@pathmaxx=\dimen263
\pgf@pathminy=\dimen264
\pgf@pathmaxy=\dimen265
\pgf@xx=\dimen266
\pgf@xy=\dimen267
\pgf@yx=\dimen268
\pgf@yy=\dimen269
\pgf@zx=\dimen270
\pgf@zy=\dimen271
) (/usr/share/texlive/texmf-dist/tex/generic/pgf/basiclayer/pgfcorepathconstruct.code.tex
File: pgfcorepathconstruct.code.tex 2021/05/15 v3.1.9a (3.1.9a)
\pgf@path@lastx=\dimen272
\pgf@path@lasty=\dimen273
) (/usr/share/texlive/texmf-dist/tex/generic/pgf/basiclayer/pgfcorepathusage.code.tex
File: pgfcorepathusage.code.tex 2021/05/15 v3.1.9a (3.1.9a)
\pgf@shorten@end@additional=\dimen274
\pgf@shorten@start@additional=\dimen275
) (/usr/share/texlive/texmf-dist/tex/generic/pgf/basiclayer/pgfcorescopes.code.tex
File: pgfcorescopes.code.tex 2021/05/15 v3.1.9a (3.1.9a)
\pgfpic=\box66
\pgf@hbox=\box67
\pgf@layerbox@main=\box68
\pgf@picture@serial@count=\count314
) (/usr/share/texlive/texmf-dist/tex/generic/pgf/basiclayer/pgfcoregraphicstate.code.tex
File: pgfcoregraphicstate.code.tex 2021/05/15 v3.1.9a (3.1.9a)
\pgflinewidth=\dimen276
) (/usr/share/texlive/texmf-dist/tex/generic/pgf/basiclayer/pgfcoretransformations.code.tex
File: pgfcoretransformations.code.tex 2021/05/15 v3.1.9a (3.1.9a)
\pgf@pt@x=\dimen277
\pgf@pt@y=\dimen278
\pgf@pt@temp=\dimen279
) (/usr/share/texlive/texmf-dist/tex/generic/pgf/basiclayer/pgfcorequick.code.tex
File: pgfcorequick.code.tex 2021/05/15 v3.1.9a (3.1.9a)
) (/usr/share/texlive/texmf-dist/tex/generic/pgf/basiclayer/pgfcoreobjects.code.tex
File: pgfcoreobjects.code.tex 2021/05/15 v3.1.9a (3.1.9a)
) (/usr/share/texlive/texmf-dist/tex/generic/pgf/basiclayer/pgfcorepathprocessing.code.tex
File: pgfcorepathprocessing.code.tex 2021/05/15 v3.1.9a (3.1.9a)
) (/usr/share/texlive/texmf-dist/tex/generic/pgf/basiclayer/pgfcorearrows.code.tex
File: pgfcorearrows.code.tex 2021/05/15 v3.1.9a (3.1.9a)
\pgfarrowsep=\dimen280
) (/usr/share/texlive/texmf-dist/tex/generic/pgf/basiclayer/pgfcoreshade.code.tex
File: pgfcoreshade.code.tex 2021/05/15 v3.1.9a (3.1.9a)
\pgf@max=\dimen281
\pgf@sys@shading@range@num=\count315
\pgf@shadingcount=\count316
) (/usr/share/texlive/texmf-dist/tex/generic/pgf/basiclayer/pgfcoreimage.code.tex
File: pgfcoreimage.code.tex 2021/05/15 v3.1.9a (3.1.9a)
 (/usr/share/texlive/texmf-dist/tex/generic/pgf/basiclayer/pgfcoreexternal.code.tex
File: pgfcoreexternal.code.tex 2021/05/15 v3.1.9a (3.1.9a)
\pgfexternal@startupbox=\box69
)) (/usr/share/texlive/texmf-dist/tex/generic/pgf/basiclayer/pgfcorelayers.code.tex
File: pgfcorelayers.code.tex 2021/05/15 v3.1.9a (3.1.9a)
) (/usr/share/texlive/texmf-dist/tex/generic/pgf/basiclayer/pgfcoretransparency.code.tex
File: pgfcoretransparency.code.tex 2021/05/15 v3.1.9a (3.1.9a)
) (/usr/share/texlive/texmf-dist/tex/generic/pgf/basiclayer/pgfcorepatterns.code.tex
File: pgfcorepatterns.code.tex 2021/05/15 v3.1.9a (3.1.9a)
) (/usr/share/texlive/texmf-dist/tex/generic/pgf/basiclayer/pgfcorerdf.code.tex
File: pgfcorerdf.code.tex 2021/05/15 v3.1.9a (3.1.9a)
))) (/usr/share/texlive/texmf-dist/tex/generic/pgf/modules/pgfmoduleshapes.code.tex
File: pgfmoduleshapes.code.tex 2021/05/15 v3.1.9a (3.1.9a)
\pgfnodeparttextbox=\box70
) (/usr/share/texlive/texmf-dist/tex/generic/pgf/modules/pgfmoduleplot.code.tex
File: pgfmoduleplot.code.tex 2021/05/15 v3.1.9a (3.1.9a)
) (/usr/share/texlive/texmf-dist/tex/latex/pgf/compatibility/pgfcomp-version-0-65.sty
Package: pgfcomp-version-0-65 2021/05/15 v3.1.9a (3.1.9a)
\pgf@nodesepstart=\dimen282
\pgf@nodesepend=\dimen283
) (/usr/share/texlive/texmf-dist/tex/latex/pgf/compatibility/pgfcomp-version-1-18.sty
Package: pgfcomp-version-1-18 2021/05/15 v3.1.9a (3.1.9a)
)) (/usr/share/texlive/texmf-dist/tex/latex/pgf/utilities/pgffor.sty (/usr/share/texlive/texmf-dist/tex/latex/pgf/utilities/pgfkeys.sty (/usr/share/texlive/texmf-dist/tex/generic/pgf/utilities/pgfkeys.code.tex)) (/usr/share/texlive/texmf-dist/tex/latex/pgf/math/pgfmath.sty (/usr/share/texlive/texmf-dist/tex/generic/pgf/math/pgfmath.code.tex)) (/usr/share/texlive/texmf-dist/tex/generic/pgf/utilities/pgffor.code.tex
Package: pgffor 2021/05/15 v3.1.9a (3.1.9a)
 (/usr/share/texlive/texmf-dist/tex/generic/pgf/math/pgfmath.code.tex)
\pgffor@iter=\dimen284
\pgffor@skip=\dimen285
\pgffor@stack=\toks38
\pgffor@toks=\toks39
)) (/usr/share/texlive/texmf-dist/tex/generic/pgf/frontendlayer/tikz/tikz.code.tex
Package: tikz 2021/05/15 v3.1.9a (3.1.9a)
 (/usr/share/texlive/texmf-dist/tex/generic/pgf/libraries/pgflibraryplothandlers.code.tex
File: pgflibraryplothandlers.code.tex 2021/05/15 v3.1.9a (3.1.9a)
\pgf@plot@mark@count=\count317
\pgfplotmarksize=\dimen286
)
\tikz@lastx=\dimen287
\tikz@lasty=\dimen288
\tikz@lastxsaved=\dimen289
\tikz@lastysaved=\dimen290
\tikz@lastmovetox=\dimen291
\tikz@lastmovetoy=\dimen292
\tikzleveldistance=\dimen293
\tikzsiblingdistance=\dimen294
\tikz@figbox=\box71
\tikz@figbox@bg=\box72
\tikz@tempbox=\box73
\tikz@tempbox@bg=\box74
\tikztreelevel=\count318
\tikznumberofchildren=\count319
\tikznumberofcurrentchild=\count320
\tikz@fig@count=\count321
 (/usr/share/texlive/texmf-dist/tex/generic/pgf/modules/pgfmodulematrix.code.tex
File: pgfmodulematrix.code.tex 2021/05/15 v3.1.9a (3.1.9a)
\pgfmatrixcurrentrow=\count322
\pgfmatrixcurrentcolumn=\count323
\pgf@matrix@numberofcolumns=\count324
)
\tikz@expandcount=\count325
 (/usr/share/texlive/texmf-dist/tex/generic/pgf/frontendlayer/tikz/libraries/tikzlibrarytopaths.code.tex
File: tikzlibrarytopaths.code.tex 2021/05/15 v3.1.9a (3.1.9a)
))) (/usr/share/texlive/texmf-dist/tex/generic/pgf/frontendlayer/tikz/libraries/tikzlibraryshapes.geometric.code.tex
File: tikzlibraryshapes.geometric.code.tex 2021/05/15 v3.1.9a (3.1.9a)
 (/usr/share/texlive/texmf-dist/tex/generic/pgf/libraries/shapes/pgflibraryshapes.geometric.code.tex
File: pgflibraryshapes.geometric.code.tex 2021/05/15 v3.1.9a (3.1.9a)
)) (/usr/share/texlive/texmf-dist/tex/generic/pgf/libraries/pgflibraryarrows.meta.code.tex
File: pgflibraryarrows.meta.code.tex 2021/05/15 v3.1.9a (3.1.9a)
\pgfarrowinset=\dimen295
\pgfarrowlength=\dimen296
\pgfarrowwidth=\dimen297
\pgfarrowlinewidth=\dimen298
) (/usr/share/texlive/texmf-dist/tex/generic/pgf/frontendlayer/tikz/libraries/tikzlibrarypositioning.code.tex
File: tikzlibrarypositioning.code.tex 2021/05/15 v3.1.9a (3.1.9a)
) (/usr/share/texlive/texmf-dist/tex/latex/titlesec/titlesec.sty
Package: titlesec 2021/07/05 v2.14 Sectioning titles
\ttl@box=\box75
\beforetitleunit=\skip62
\aftertitleunit=\skip63
\ttl@plus=\dimen299
\ttl@minus=\dimen300
\ttl@toksa=\toks40
\titlewidth=\dimen301
\titlewidthlast=\dimen302
\titlewidthfirst=\dimen303
) (/usr/share/texlive/texmf-dist/tex/latex/fancyhdr/fancyhdr.sty
Package: fancyhdr 2021/01/28 v4.0.1 Extensive control of page headers and footers
\f@nch@headwidth=\skip64
\f@nch@O@elh=\skip65
\f@nch@O@erh=\skip66
\f@nch@O@olh=\skip67
\f@nch@O@orh=\skip68
\f@nch@O@elf=\skip69
\f@nch@O@erf=\skip70
\f@nch@O@olf=\skip71
\f@nch@O@orf=\skip72
)
LaTeX Font Info:    Trying to load font information for OT1+phv on input line 56.
 (/usr/share/texlive/texmf-dist/tex/latex/psnfss/ot1phv.fd
File: ot1phv.fd 2020/03/25 scalable font definitions for OT1/phv.
) (/usr/share/texlive/texmf-dist/tex/latex/l3backend/l3backend-pdftex.def
File: l3backend-pdftex.def 2022-01-12 L3 backend support: PDF output (pdfTeX)
\l__color_backend_stack_int=\count326
\l__pdf_internal_box=\box76
) (./main.aux (./sections/00a_acknowledgements.aux) (./sections/00b_nomenclature.aux)

LaTeX Warning: Label `fig:monopole_ss_RT_dt' multiply defined.


LaTeX Warning: Label `sub@fig:monopole_ss_RT_dt' multiply defined.


LaTeX Warning: Label `fig:monopole_ss_AT_dt' multiply defined.


LaTeX Warning: Label `sub@fig:monopole_ss_AT_dt' multiply defined.


LaTeX Warning: Label `fig:monopole_tt_dt' multiply defined.


LaTeX Warning: Label `sub@fig:monopole_tt_dt' multiply defined.


LaTeX Warning: Label `fig:monopole_ts_RT_dx' multiply defined.


LaTeX Warning: Label `sub@fig:monopole_ts_RT_dx' multiply defined.


LaTeX Warning: Label `fig:monopole_ts_AT_dx' multiply defined.


LaTeX Warning: Label `sub@fig:monopole_ts_AT_dx' multiply defined.

)
\openout1 = `main.aux'.

LaTeX Font Info:    Checking defaults for OML/cmm/m/it on input line 56.
LaTeX Font Info:    ... okay on input line 56.
LaTeX Font Info:    Checking defaults for OMS/cmsy/m/n on input line 56.
LaTeX Font Info:    ... okay on input line 56.
LaTeX Font Info:    Checking defaults for OT1/cmr/m/n on input line 56.
LaTeX Font Info:    ... okay on input line 56.
LaTeX Font Info:    Checking defaults for T1/cmr/m/n on input line 56.
LaTeX Font Info:    ... okay on input line 56.
LaTeX Font Info:    Checking defaults for TS1/cmr/m/n on input line 56.
LaTeX Font Info:    ... okay on input line 56.
LaTeX Font Info:    Checking defaults for OMX/cmex/m/n on input line 56.
LaTeX Font Info:    ... okay on input line 56.
LaTeX Font Info:    Checking defaults for U/cmr/m/n on input line 56.
LaTeX Font Info:    ... okay on input line 56.
LaTeX Font Info:    Checking defaults for PD1/pdf/m/n on input line 56.
LaTeX Font Info:    ... okay on input line 56.
LaTeX Font Info:    Checking defaults for PU/pdf/m/n on input line 56.
LaTeX Font Info:    ... okay on input line 56.
Package caption Info: Begin \AtBeginDocument code.
Package caption Info: float package is loaded.
Package caption Info: hyperref package is loaded.
Package caption Info: longtable package is loaded.
 (/usr/share/texlive/texmf-dist/tex/latex/caption/ltcaption.sty
Package: ltcaption 2020/05/30 v1.4b longtable captions (AR)
)
Package caption Info: End \AtBeginDocument code.
 (/usr/share/texlive/texmf-dist/tex/context/base/mkii/supp-pdf.mkii
[Loading MPS to PDF converter (version 2006.09.02).]
\scratchcounter=\count327
\scratchdimen=\dimen304
\scratchbox=\box77
\nofMPsegments=\count328
\nofMParguments=\count329
\everyMPshowfont=\toks41
\MPscratchCnt=\count330
\MPscratchDim=\dimen305
\MPnumerator=\count331
\makeMPintoPDFobject=\count332
\everyMPtoPDFconversion=\toks42
) (/usr/share/texlive/texmf-dist/tex/latex/epstopdf-pkg/epstopdf-base.sty
Package: epstopdf-base 2020-01-24 v2.11 Base part for package epstopdf
Package epstopdf-base Info: Redefining graphics rule for `.eps' on input line 485.
 (/usr/share/texlive/texmf-dist/tex/latex/latexconfig/epstopdf-sys.cfg
File: epstopdf-sys.cfg 2010/07/13 v1.3 Configuration of (r)epstopdf for TeX Live
))
*geometry* driver: auto-detecting
*geometry* detected driver: pdftex
*geometry* verbose mode - [ preamble ] result:
* driver: pdftex
* paper: a4paper
* layout: <same size as paper>
* layoutoffset:(h,v)=(0.0pt,0.0pt)
* modes: 
* h-part:(L,W,R)=(56.9055pt, 483.69687pt, 56.9055pt)
* v-part:(T,H,B)=(56.9055pt, 731.23584pt, 56.9055pt)
* \paperwidth=597.50787pt
* \paperheight=845.04684pt
* \textwidth=483.69687pt
* \textheight=731.23584pt
* \oddsidemargin=-15.36449pt
* \evensidemargin=-15.36449pt
* \topmargin=-52.36449pt
* \headheight=14.5pt
* \headsep=25.0pt
* \topskip=12.0pt
* \footskip=30.0pt
* \marginparwidth=35.0pt
* \marginparsep=10.0pt
* \columnsep=10.0pt
* \skip\footins=10.8pt plus 4.0pt minus 2.0pt
* \hoffset=0.0pt
* \voffset=0.0pt
* \mag=1000
* \@twocolumnfalse
* \@twosidefalse
* \@mparswitchfalse
* \@reversemarginfalse
* (1in=72.27pt=25.4mm, 1cm=28.453pt)

Package hyperref Info: Link coloring OFF on input line 56.
(/usr/share/texlive/texmf-dist/tex/latex/hyperref/nameref.sty
Package: nameref 2021-04-02 v2.47 Cross-referencing by name of section
 (/usr/share/texlive/texmf-dist/tex/latex/refcount/refcount.sty
Package: refcount 2019/12/15 v3.6 Data extraction from label references (HO)
) (/usr/share/texlive/texmf-dist/tex/generic/gettitlestring/gettitlestring.sty
Package: gettitlestring 2019/12/15 v1.6 Cleanup title references (HO)
)
\c@section@level=\count333
)
LaTeX Info: Redefining \ref on input line 56.
LaTeX Info: Redefining \pageref on input line 56.
LaTeX Info: Redefining \nameref on input line 56.
 (./main.out) (./main.out)
\@outlinefile=\write4
\openout4 = `main.out'.

<Imperial_College_London_new_logo.png, id=224, 12948.375pt x 1422.31375pt>
File: Imperial_College_London_new_logo.png Graphic file (type png)
<use Imperial_College_London_new_logo.png>
Package pdftex.def Info: Imperial_College_London_new_logo.png  used on input line 63.
(pdftex.def)             Requested size: 241.84843pt x 26.56413pt.
 [1

{/var/lib/texmf/fonts/map/pdftex/updmap/pdftex.map} <./Imperial_College_London_new_logo.png>]
Underfull \hbox (badness 10000) in paragraph at lines 112--113

 []

LaTeX Font Info:    Trying to load font information for U+msa on input line 114.
(/usr/share/texlive/texmf-dist/tex/latex/amsfonts/umsa.fd
File: umsa.fd 2013/01/14 v3.01 AMS symbols A
)
LaTeX Font Info:    Trying to load font information for U+msb on input line 114.
 (/usr/share/texlive/texmf-dist/tex/latex/amsfonts/umsb.fd
File: umsb.fd 2013/01/14 v3.01 AMS symbols B
) [1


]
\openout2 = `sections/00a_acknowledgements.aux'.

 (./sections/00a_acknowledgements.tex) [2


] (./main.toc [3




]
Overfull \hbox (9.2231pt too wide) in paragraph at lines 34--34
 [][] [][]\OT1/phv/m/n/12 Numerical Re-sult Com-par-isons for Dipole Deriva-tions and Dual Monopoles[] [][]  
 []

)
\tf@toc=\write5
\openout5 = `main.toc'.

 [4] (./main.lof
Overfull \hbox (24.04233pt too wide) in paragraph at lines 17--17
 [][] [][]\OT1/phv/m/n/12 Comparison of an-a-lyt-i-cal and nu-mer-i-cal dipole val-i-da-tions us-ing the dual monopole 
 []

)
\tf@lof=\write6
\openout6 = `main.lof'.

 [5

] (./main.lot)
\tf@lot=\write7
\openout7 = `main.lot'.

 [6

]
\openout2 = `sections/00b_nomenclature.aux'.

 (./sections/00b_nomenclature.tex
Overfull \hbox (2.04337pt too wide) in paragraph at lines 77--77
[]|\OT1/phv/b/n/12 Superscripts| 
 []

[7



]) [8] (./sections/01_introduction.tex
Chapter 1.
pdfTeX warning (ext4): destination with the same identifier (name{page.1}) has been already used, duplicate ignored
<to be read again> 
                   \relax 
l.14 
      [1




] [2]
<fig_misc/CFD+ACOUSTICS.png, id=421, 866.48718pt x 555.57562pt>
File: fig_misc/CFD+ACOUSTICS.png Graphic file (type png)
<use fig_misc/CFD+ACOUSTICS.png>
Package pdftex.def Info: fig_misc/CFD+ACOUSTICS.png  used on input line 56.
(pdftex.def)             Requested size: 386.95897pt x 248.10777pt.
 [3 <./fig_misc/CFD+ACOUSTICS.png>]
<fig_past_reports/fwh_domain_observer.png, id=445, 420.6114pt x 363.5181pt>
File: fig_past_reports/fwh_domain_observer.png Graphic file (type png)
<use fig_past_reports/fwh_domain_observer.png>
Package pdftex.def Info: fig_past_reports/fwh_domain_observer.png  used on input line 65.
(pdftex.def)             Requested size: 483.69687pt x 418.05367pt.
 [4 <./fig_past_reports/fwh_domain_observer.png>]) (./sections/02a_background_validation.tex [5

]
Chapter 2.
LaTeX Font Info:    Font shape `OT1/phv/m/it' in size <12> not available
(Font)              Font shape `OT1/phv/m/sl' tried instead on input line 10.
<fig_misc/heaviside.png, id=469, 965.6075pt x 519.44063pt>
File: fig_misc/heaviside.png Graphic file (type png)
<use fig_misc/heaviside.png>
Package pdftex.def Info: fig_misc/heaviside.png  used on input line 22.
(pdftex.def)             Requested size: 241.84843pt x 130.09761pt.
[6

] [7 <./fig_misc/heaviside.png>]
Overfull \hbox (5.34904pt too wide) in paragraph at lines 170--170
 []\OT1/phv/m/n/10.95 (Point/Scatter/Sphere) 
 []

[8] [9] [10]
<fig_monopole/fwh_domain_observer_arrows.png, id=531, 514.17094pt x 444.91219pt>
File: fig_monopole/fwh_domain_observer_arrows.png Graphic file (type png)
<use fig_monopole/fwh_domain_observer_arrows.png>
Package pdftex.def Info: fig_monopole/fwh_domain_observer_arrows.png  used on input line 196.
(pdftex.def)             Requested size: 483.69687pt x 418.55016pt.
 [11

 <./fig_monopole/fwh_domain_observer_arrows.png>]
LaTeX Font Info:    Trying to load font information for TS1+phv on input line 211.
 (/usr/share/texlive/texmf-dist/tex/latex/psnfss/ts1phv.fd
File: ts1phv.fd 2020/03/25 scalable font definitions for TS1/phv.
)
<fig_test_cases/stationary_stationary.png, id=537, 409.53pt x 302.5704pt>
File: fig_test_cases/stationary_stationary.png Graphic file (type png)
<use fig_test_cases/stationary_stationary.png>
Package pdftex.def Info: fig_test_cases/stationary_stationary.png  used on input line 215.
(pdftex.def)             Requested size: 239.42758pt x 176.89908pt.
<fig_test_cases/translating_translating.png, id=538, 410.0118pt x 304.4976pt>
File: fig_test_cases/translating_translating.png Graphic file (type png)
<use fig_test_cases/translating_translating.png>
Package pdftex.def Info: fig_test_cases/translating_translating.png  used on input line 221.
(pdftex.def)             Requested size: 239.42758pt x 177.81676pt.
<fig_test_cases/translating_stationary.png, id=539, 732.8178pt x 306.4248pt>
File: fig_test_cases/translating_stationary.png Graphic file (type png)
<use fig_test_cases/translating_stationary.png>
Package pdftex.def Info: fig_test_cases/translating_stationary.png  used on input line 233.
(pdftex.def)             Requested size: 483.69687pt x 202.255pt.
 [12

 <./fig_test_cases/stationary_stationary.png> <./fig_test_cases/translating_translating.png> <./fig_test_cases/translating_stationary.png>]
<fig_test_cases/translating_stationary_inline.png, id=547, 389.7762pt x 302.5704pt>
File: fig_test_cases/translating_stationary_inline.png Graphic file (type png)
<use fig_test_cases/translating_stationary_inline.png>
Package pdftex.def Info: fig_test_cases/translating_stationary_inline.png  used on input line 242.
(pdftex.def)             Requested size: 241.84843pt x 187.73944pt.
 [13 <./fig_test_cases/translating_stationary_inline.png>]) (./sections/02b_monopole_derivations.tex [14

]) (./sections/02c_monopole_validations.tex [15]
<fig_monopole/mono_stat_RT_dt.png, id=578, 455.301pt x 339.669pt>
File: fig_monopole/mono_stat_RT_dt.png Graphic file (type png)
<use fig_monopole/mono_stat_RT_dt.png>
Package pdftex.def Info: fig_monopole/mono_stat_RT_dt.png  used on input line 33.
(pdftex.def)             Requested size: 239.42758pt x 178.61914pt.
<fig_monopole/mono_stat_RT_dx.png, id=579, 455.301pt x 339.669pt>
File: fig_monopole/mono_stat_RT_dx.png Graphic file (type png)
<use fig_monopole/mono_stat_RT_dx.png>
Package pdftex.def Info: fig_monopole/mono_stat_RT_dx.png  used on input line 39.
(pdftex.def)             Requested size: 239.42758pt x 178.61914pt.
<fig_monopole/mono_stat_AT_dt.png, id=580, 455.301pt x 339.669pt>
File: fig_monopole/mono_stat_AT_dt.png Graphic file (type png)
<use fig_monopole/mono_stat_AT_dt.png>
Package pdftex.def Info: fig_monopole/mono_stat_AT_dt.png  used on input line 54.
(pdftex.def)             Requested size: 239.42758pt x 178.61914pt.
<fig_monopole/mono_stat_AT_dx.png, id=581, 455.301pt x 339.669pt>
File: fig_monopole/mono_stat_AT_dx.png Graphic file (type png)
<use fig_monopole/mono_stat_AT_dx.png>
Package pdftex.def Info: fig_monopole/mono_stat_AT_dx.png  used on input line 60.
(pdftex.def)             Requested size: 239.42758pt x 178.61914pt.
 [16 <./fig_monopole/mono_stat_RT_dt.png> <./fig_monopole/mono_stat_RT_dx.png>]
<fig_monopole/mono_cotrans_dt.png, id=590, 455.301pt x 339.669pt>
File: fig_monopole/mono_cotrans_dt.png Graphic file (type png)
<use fig_monopole/mono_cotrans_dt.png>
Package pdftex.def Info: fig_monopole/mono_cotrans_dt.png  used on input line 77.
(pdftex.def)             Requested size: 239.42758pt x 178.61914pt.
<fig_monopole/mono_cotrans_dx.png, id=591, 455.301pt x 339.669pt>
File: fig_monopole/mono_cotrans_dx.png Graphic file (type png)
<use fig_monopole/mono_cotrans_dx.png>
Package pdftex.def Info: fig_monopole/mono_cotrans_dx.png  used on input line 83.
(pdftex.def)             Requested size: 239.42758pt x 178.61914pt.
 [17 <./fig_monopole/mono_stat_AT_dt.png> <./fig_monopole/mono_stat_AT_dx.png> <./fig_monopole/mono_cotrans_dt.png> <./fig_monopole/mono_cotrans_dx.png>]
<fig_monopole/mono_trans_RT_dt.png, id=602, 455.301pt x 339.669pt>
File: fig_monopole/mono_trans_RT_dt.png Graphic file (type png)
<use fig_monopole/mono_trans_RT_dt.png>
Package pdftex.def Info: fig_monopole/mono_trans_RT_dt.png  used on input line 101.
(pdftex.def)             Requested size: 239.42758pt x 178.61914pt.
<fig_monopole/mono_trans_RT_dx.png, id=603, 455.301pt x 339.669pt>
File: fig_monopole/mono_trans_RT_dx.png Graphic file (type png)
<use fig_monopole/mono_trans_RT_dx.png>
Package pdftex.def Info: fig_monopole/mono_trans_RT_dx.png  used on input line 107.
(pdftex.def)             Requested size: 239.42758pt x 178.61914pt.
 [18 <./fig_monopole/mono_trans_RT_dt.png> <./fig_monopole/mono_trans_RT_dx.png>]
<fig_monopole/mono_trans_AT_dt.png, id=613, 455.301pt x 339.669pt>
File: fig_monopole/mono_trans_AT_dt.png Graphic file (type png)
<use fig_monopole/mono_trans_AT_dt.png>
Package pdftex.def Info: fig_monopole/mono_trans_AT_dt.png  used on input line 121.
(pdftex.def)             Requested size: 239.42758pt x 178.61914pt.
<fig_monopole/mono_trans_AT_dx.png, id=614, 455.301pt x 339.669pt>
File: fig_monopole/mono_trans_AT_dx.png Graphic file (type png)
<use fig_monopole/mono_trans_AT_dx.png>
Package pdftex.def Info: fig_monopole/mono_trans_AT_dx.png  used on input line 127.
(pdftex.def)             Requested size: 239.42758pt x 178.61914pt.
) (./sections/02d_dipole_derivations.tex [19 <./fig_monopole/mono_trans_AT_dt.png> <./fig_monopole/mono_trans_AT_dx.png>] [20] [21]) (./sections/02e_dipole_validations.tex [22]
<fig_dipole/dipole_near_valid.png, id=647, 399.6531pt x 299.1978pt>
File: fig_dipole/dipole_near_valid.png Graphic file (type png)
<use fig_dipole/dipole_near_valid.png>
Package pdftex.def Info: fig_dipole/dipole_near_valid.png  used on input line 42.
(pdftex.def)             Requested size: 232.17242pt x 173.81789pt.
<fig_dipole/dipole_near_invalid.png, id=648, 396.7623pt x 299.1978pt>
File: fig_dipole/dipole_near_invalid.png Graphic file (type png)
<use fig_dipole/dipole_near_invalid.png>
Package pdftex.def Info: fig_dipole/dipole_near_invalid.png  used on input line 48.
(pdftex.def)             Requested size: 232.17242pt x 175.08249pt.
<fig_dipole/dipole_far_valid.png, id=649, 401.8212pt x 299.1978pt>
File: fig_dipole/dipole_far_valid.png Graphic file (type png)
<use fig_dipole/dipole_far_valid.png>
Package pdftex.def Info: fig_dipole/dipole_far_valid.png  used on input line 56.
(pdftex.def)             Requested size: 232.17242pt x 172.87741pt.
<fig_dipole/dipole_far_invalid.png, id=650, 399.6531pt x 299.1978pt>
File: fig_dipole/dipole_far_invalid.png Graphic file (type png)
<use fig_dipole/dipole_far_invalid.png>
Package pdftex.def Info: fig_dipole/dipole_far_invalid.png  used on input line 62.
(pdftex.def)             Requested size: 232.17242pt x 173.81789pt.
 [23]
<fig_dipole/dual_near_valid.png, id=658, 399.6531pt x 284.0211pt>
File: fig_dipole/dual_near_valid.png Graphic file (type png)
<use fig_dipole/dual_near_valid.png>
Package pdftex.def Info: fig_dipole/dual_near_valid.png  used on input line 82.
(pdftex.def)             Requested size: 232.17242pt x 165.00104pt.
<fig_dipole/dual_near_invalid.png, id=659, 396.7623pt x 284.0211pt>
File: fig_dipole/dual_near_invalid.png Graphic file (type png)
<use fig_dipole/dual_near_invalid.png>
Package pdftex.def Info: fig_dipole/dual_near_invalid.png  used on input line 88.
(pdftex.def)             Requested size: 232.17242pt x 166.2015pt.
<fig_dipole/dual_far_valid.png, id=660, 390.9807pt x 284.0211pt>
File: fig_dipole/dual_far_valid.png Graphic file (type png)
<use fig_dipole/dual_far_valid.png>
Package pdftex.def Info: fig_dipole/dual_far_valid.png  used on input line 96.
(pdftex.def)             Requested size: 232.17242pt x 168.65877pt.
<fig_dipole/dual_far_invalid.png, id=661, 390.258pt x 284.0211pt>
File: fig_dipole/dual_far_invalid.png Graphic file (type png)
<use fig_dipole/dual_far_invalid.png>
Package pdftex.def Info: fig_dipole/dual_far_invalid.png  used on input line 102.
(pdftex.def)             Requested size: 232.17242pt x 168.97081pt.
 [24 <./fig_dipole/dipole_near_valid.png> <./fig_dipole/dipole_near_invalid.png> <./fig_dipole/dipole_far_valid.png> <./fig_dipole/dipole_far_invalid.png>]
<fig_dipole/dual_dipole_near_valid.png, id=671, 399.6531pt x 299.1978pt>
File: fig_dipole/dual_dipole_near_valid.png Graphic file (type png)
<use fig_dipole/dual_dipole_near_valid.png>
Package pdftex.def Info: fig_dipole/dual_dipole_near_valid.png  used on input line 119.
(pdftex.def)             Requested size: 232.17242pt x 173.81789pt.
<fig_dipole/dual_dipole_near_invalid.png, id=672, 396.7623pt x 299.1978pt>
File: fig_dipole/dual_dipole_near_invalid.png Graphic file (type png)
<use fig_dipole/dual_dipole_near_invalid.png>
Package pdftex.def Info: fig_dipole/dual_dipole_near_invalid.png  used on input line 125.
(pdftex.def)             Requested size: 232.17242pt x 175.08249pt.
<fig_dipole/dual_dipole_far_valid.png, id=673, 392.4261pt x 299.1978pt>
File: fig_dipole/dual_dipole_far_valid.png Graphic file (type png)
<use fig_dipole/dual_dipole_far_valid.png>
Package pdftex.def Info: fig_dipole/dual_dipole_far_valid.png  used on input line 133.
(pdftex.def)             Requested size: 232.17242pt x 177.01366pt.
<fig_dipole/dual_dipole_far_invalid.png, id=674, 390.258pt x 299.1978pt>
File: fig_dipole/dual_dipole_far_invalid.png Graphic file (type png)
<use fig_dipole/dual_dipole_far_invalid.png>
Package pdftex.def Info: fig_dipole/dual_dipole_far_invalid.png  used on input line 139.
(pdftex.def)             Requested size: 232.17242pt x 177.99977pt.
 [25 <./fig_dipole/dual_near_valid.png> <./fig_dipole/dual_near_invalid.png> <./fig_dipole/dual_far_valid.png> <./fig_dipole/dual_far_invalid.png>]) (./sections/02f_directivity.tex [26 <./fig_dipole/dual_dipole_near_valid.png> <./fig_dipole/dual_dipole_near_invalid.png> <./fig_dipole/dual_dipole_far_valid.png> <./fig_dipole/dual_dipole_far_invalid.png>]
<fig_dipole/directivity_case.png, id=693, 555.9972pt x 450.483pt>
File: fig_dipole/directivity_case.png Graphic file (type png)
<use fig_dipole/directivity_case.png>
Package pdftex.def Info: fig_dipole/directivity_case.png  used on input line 9.
(pdftex.def)             Requested size: 386.95897pt x 313.535pt.
<fig_dipole/directivity_stationary_3D.png, id=694, 3264.195pt x 2400.97pt>
File: fig_dipole/directivity_stationary_3D.png Graphic file (type png)
<use fig_dipole/directivity_stationary_3D.png>
Package pdftex.def Info: fig_dipole/directivity_stationary_3D.png  used on input line 20.
(pdftex.def)             Requested size: 217.66211pt x 160.09846pt.
<fig_dipole/directivity_translating_3D.png, id=695, 3338.4725pt x 2338.7375pt>
File: fig_dipole/directivity_translating_3D.png Graphic file (type png)
<use fig_dipole/directivity_translating_3D.png>
Package pdftex.def Info: fig_dipole/directivity_translating_3D.png  used on input line 26.
(pdftex.def)             Requested size: 217.66211pt x 152.4515pt.
<fig_dipole/directivity_stationary_new.png, id=696, 651.8754pt x 378.6948pt>
File: fig_dipole/directivity_stationary_new.png Graphic file (type png)
<use fig_dipole/directivity_stationary_new.png>
Package pdftex.def Info: fig_dipole/directivity_stationary_new.png  used on input line 34.
(pdftex.def)             Requested size: 386.95897pt x 224.80325pt.
<fig_dipole/directivity_translating_new.png, id=697, 651.8754pt x 378.6948pt>
File: fig_dipole/directivity_translating_new.png Graphic file (type png)
<use fig_dipole/directivity_translating_new.png>
Package pdftex.def Info: fig_dipole/directivity_translating_new.png  used on input line 40.
(pdftex.def)             Requested size: 386.95897pt x 224.80325pt.
) (./sections/02g_concluding_summary.tex [27 <./fig_dipole/directivity_case.png>] [28 <./fig_dipole/directivity_stationary_3D.png> <./fig_dipole/directivity_translating_3D.png> <./fig_dipole/directivity_stationary_new.png> <./fig_dipole/directivity_translating_new.png>]) (./sections/03a_numerical_fwh_sensitivity.tex [29]
Chapter 3.
[30

]) (./sections/03b_multipole_sensitivity.tex [31]) (./sections/03c_simple_source_sensitivity.tex) (./sections/03d_concluding_summary.tex) (./sections/04a_open_rotor.tex [32]
Chapter 4.
) (./sections/09_conclusions.tex [33

]
Chapter 5.
) (./sections/10_future_work.tex [34

]
Chapter 6.

Overfull \hbox (10.93958pt too wide) in paragraph at lines 4--5
\OT1/phv/m/n/12 With the FW-H solver val-i-dated with some lim-i-ta-tions, the project moves to the hy-brid analytical-
 []

) [35

] (./sections/99_genAI.tex) [36


] [37] (./main.bbl [38


] [39]) [40] (./sections/11_appendices.tex
Appendix A.
<fig_past_reports/gantt_chart.png, id=780, 963.6pt x 542.025pt>
File: fig_past_reports/gantt_chart.png Graphic file (type png)
<use fig_past_reports/gantt_chart.png>
Package pdftex.def Info: fig_past_reports/gantt_chart.png  used on input line 9.
(pdftex.def)             Requested size: 483.69687pt x 272.07874pt.
[41


 <./fig_past_reports/gantt_chart.png>]
Appendix B.
[42

]
Appendix C.
[43

] [44]
Appendix D.
[45

]
Appendix E.
[46

] [47]
Appendix F.
[48

]
Appendix G.
) [49

] [50] (./main.aux (./sections/00a_acknowledgements.aux) (./sections/00b_nomenclature.aux))

LaTeX Warning: There were multiply-defined labels.

Package rerunfilecheck Info: File `main.out' has not changed.
(rerunfilecheck)             Checksum: 01C24576E373CA7F19A2B13542197046;12042.
 ) 
Here is how much of TeX's memory you used:
 25304 strings out of 478287
 478867 string characters out of 5849289
 759528 words of memory out of 5000000
 42726 multiletter control sequences out of 15000+600000
 507489 words of font info for 119 fonts, out of 8000000 for 9000
 1141 hyphenation exceptions out of 8191
 84i,23n,80p,1233b,830s stack positions out of 5000i,500n,10000p,200000b,80000s
{/usr/share/texlive/texmf-dist/fonts/enc/dvips/base/8r.enc}</usr/share/texlive/texmf-dist/fonts/type1/public/amsfonts/cm/cmex10.pfb></usr/share/texlive/texmf-dist/fonts/type1/public/amsfonts/cm/cmmi10.pfb></usr/share/texlive/texmf-dist/fonts/type1/public/amsfonts/cm/cmmi12.pfb></usr/share/texlive/texmf-dist/fonts/type1/public/amsfonts/cm/cmmi6.pfb></usr/share/texlive/texmf-dist/fonts/type1/public/amsfonts/cm/cmmi8.pfb></usr/share/texlive/texmf-dist/fonts/type1/public/amsfonts/cm/cmmib10.pfb></usr/share/texlive/texmf-dist/fonts/type1/public/amsfonts/cm/cmr12.pfb></usr/share/texlive/texmf-dist/fonts/type1/public/amsfonts/cm/cmr6.pfb></usr/share/texlive/texmf-dist/fonts/type1/public/amsfonts/cm/cmr8.pfb></usr/share/texlive/texmf-dist/fonts/type1/public/amsfonts/cm/cmsy10.pfb></usr/share/texlive/texmf-dist/fonts/type1/public/amsfonts/cm/cmsy6.pfb></usr/share/texlive/texmf-dist/fonts/type1/public/amsfonts/cm/cmsy8.pfb></usr/share/texlive/texmf-dist/fonts/type1/public/amsfonts/symbols/msam10.pfb></usr/share/texlive/texmf-dist/fonts/type1/urw/helvetic/uhvb8a.pfb></usr/share/texlive/texmf-dist/fonts/type1/urw/helvetic/uhvr8a.pfb></usr/share/texlive/texmf-dist/fonts/type1/urw/helvetic/uhvro8a.pfb>
Output written on main.pdf (59 pages, 4685646 bytes).
PDF statistics:
 966 PDF objects out of 1000 (max. 8388607)
 791 compressed objects within 8 object streams
 220 named destinations out of 1000 (max. 500000)
 630 words of extra memory for PDF output out of 10000 (max. 10000000)

